thrd_1: 1
thrd_2: 1
thrd_3: 1
thrd_4: 1
thrd_5: 1
thrd_1 EXIT
thrd_2: 2
thrd_3: 2
thrd_4: 2
thrd_5: 2
thrd_2 EXIT
thrd_3: 3
thrd_4: 3
thrd_5: 3
thrd_3 EXIT
thrd_4: 4
thrd_5: 4
thrd_4 EXIT
thrd_5: 5
thrd_5 EXIT
thrd_6: 1
thrd_7: 1
thrd_8: 1
thrd_9: 1
thrd_10: 1
thrd_6: 2
thrd_7: 2
thrd_8: 2
thrd_9: 2
thrd_10: 2
thrd_6: 3
thrd_7: 3
thrd_8: 3
thrd_9: 3
thrd_10 EXIT
thrd_6: 4
thrd_7: 4
thrd_8: 4
thrd_9 EXIT
thrd_6: 5
thrd_7: 5
thrd_8 EXIT
thrd_6: 6
thrd_7 EXIT
thrd_6 EXIT
thrd_11: 1
thrd_11 EXIT
