coop_idle_cb(100) called-back
thrd_grp_1: time-out; 100 ticks passed
thrd_1: time-out; 100 ticks passed
thrd_1 EXIT
thrd_grp_1 EXIT
coop_idle_cb(100) called-back
thrd_grp_2: waited 200 ticks for singal
thrd_grp_3: waited 200 ticks for singal
thrd_2: waited 200 ticks for singal
thrd_2 EXIT
thrd_grp_2 EXIT
thrd_grp_3 EXIT
coop_idle_cb(0) called-back
coop_idle_cb(0) called-back
thrd_3: waited 2200 ticks for singal
thrd_3 EXIT
